src/renderer/components/character/CharacterStatsPanel.tsx(24,22): error TS1005: ')' expected.
src/renderer/components/character/CharacterStatsPanel.tsx(24,29): error TS1136: Property assignment expected.
src/renderer/components/character/CharacterStatsPanel.tsx(24,61): error TS1005: ';' expected.
src/renderer/components/character/CharacterStatsPanel.tsx(24,76): error TS1005: ';' expected.
src/renderer/components/character/CharacterStatsPanel.tsx(24,94): error TS1005: ';' expected.
src/renderer/components/character/CharacterStatsPanel.tsx(24,113): error TS1005: ';' expected.
src/renderer/components/character/CharacterStatsPanel.tsx(24,125): error TS1005: ',' expected.
src/renderer/components/character/CharacterStatsPanel.tsx(28,21): error TS2657: JSX expressions must have one parent element.
src/renderer/components/character/CharacterStatsPanel.tsx(44,19): error TS1128: Declaration or statement expected.
src/renderer/components/character/CharacterStatsPanel.tsx(46,20): error TS1136: Property assignment expected.
src/renderer/components/character/CharacterStatsPanel.tsx(112,23): error TS1128: Declaration or statement expected.
src/renderer/components/character/CharacterStatsPanel.tsx(114,17): error TS1128: Declaration or statement expected.
src/renderer/components/character/CharacterStatsPanel.tsx(116,3): error TS1109: Expression expected.
src/renderer/components/character/CharacterStatsPanel.tsx(117,1): error TS1128: Declaration or statement expected.
src/renderer/components/compendium/FeatureDetail.tsx(7,32): error TS1005: ',' expected.
src/renderer/components/compendium/FeatureDetail.tsx(104,16): error TS1005: ')' expected.
src/renderer/components/compendium/FeatureDetail.tsx(106,3): error TS1128: Declaration or statement expected.
src/renderer/components/compendium/FeatureDetail.tsx(107,1): error TS1128: Declaration or statement expected.
src/renderer/components/DatabaseView.tsx(1826,13): error TS1128: Declaration or statement expected.
src/renderer/components/DatabaseView.tsx(1830,5): error TS1128: Declaration or statement expected.
src/renderer/modules/compendium/hooks/useDatabaseForms.ts(339,1): error TS1005: '}' expected.
